// Jest Snapshot v1, https://goo.gl/fbAQLP

exports[`Prueba de componente <Navbar/> Debe mostrarse correctamente 1`] = `
<nav
  className="navbar navbar-expand-sm navbar-dark bg-dark"
>
  <div
    className="container"
  >
    <a
      className="navbar-brand"
      onClick={[Function]}
    >
      Heroes App
    </a>
    <div
      className="collapse navbar-collapse justify-content-between"
    >
      <div
        className="navbar-nav"
      >
        <a
          aria-current={null}
          className="nav-item nav-link"
          onClick={[Function]}
        >
          Marvel
        </a>
        <a
          aria-current={null}
          className="nav-item nav-link"
          onClick={[Function]}
        >
          DC
        </a>
        <a
          aria-current={null}
          className="nav-item nav-link"
          onClick={[Function]}
        >
          Search
        </a>
      </div>
      <div
        className="d-flex"
      >
        <ul
          className="navbar-nav ml-auto"
        >
          <span
            className="nav-item nav-link text-warning"
          >
            Code Codero
          </span>
          <button
            className="btn btn-outline-warning"
            onClick={[Function]}
          >
            Logout
          </button>
        </ul>
      </div>
    </div>
  </div>
</nav>
`;
